[2024-05-24T03:33:39.543Z] Successfully navigated to: https://news.ycombinator.com
[2024-05-24T03:33:39.581Z] [1/10] Article retrieved: Daylight Computer – New 60fps e-paper tablet
[2024-05-24T03:33:39.589Z] [2/10] Article retrieved: The Space Quest II Master Disk Blunder
[2024-05-24T03:33:39.595Z] [3/10] Article retrieved: Binarize CLIP for Multimodal Applications
[2024-05-24T03:33:39.601Z] [4/10] Article retrieved: Show HN: Porter Cloud – PaaS with an eject button
[2024-05-24T03:33:39.606Z] [5/10] Article retrieved: Cement recycling method could help solve one of the big climate challenges
[2024-05-24T03:33:39.611Z] [6/10] Article retrieved: Tom Waits vs. Frito-Lay, Inc (2003)
[2024-05-24T03:33:39.615Z] [7/10] Article retrieved: Forebruary
[2024-05-24T03:33:39.619Z] [8/10] Article retrieved: Why did Tom Lehrer swap fame for obscurity?
[2024-05-24T03:33:39.624Z] [9/10] Article retrieved: Launch HN: Metriport (YC S22) – Open-source API for healthcare data exchange
[2024-05-24T03:33:39.629Z] [10/10] Article retrieved: African Americans Have the Highest Rate of Fire Deaths and Injuries (2021)
[2024-05-24T03:35:51.652Z] Successfully navigated to: https://news.ycombinator.com
[2024-05-24T03:35:51.689Z] [1/10] Article retrieved: Daylight Computer – New 60fps e-paper tablet
[2024-05-24T03:35:51.697Z] [2/10] Article retrieved: The Space Quest II Master Disk Blunder
[2024-05-24T03:35:51.703Z] [3/10] Article retrieved: Binarize CLIP for Multimodal Applications
[2024-05-24T03:35:51.709Z] [4/10] Article retrieved: Show HN: Porter Cloud – PaaS with an eject button
[2024-05-24T03:35:51.714Z] [5/10] Article retrieved: Cement recycling method could help solve one of the big climate challenges
[2024-05-24T03:35:51.719Z] [6/10] Article retrieved: Tom Waits vs. Frito-Lay, Inc (2003)
[2024-05-24T03:35:51.723Z] [7/10] Article retrieved: Why did Tom Lehrer swap fame for obscurity?
[2024-05-24T03:35:51.728Z] [8/10] Article retrieved: Forebruary
[2024-05-24T03:35:51.732Z] [9/10] Article retrieved: Launch HN: Metriport (YC S22) – Open-source API for healthcare data exchange
[2024-05-24T03:35:51.737Z] [10/10] Article retrieved: African Americans Have the Highest Rate of Fire Deaths and Injuries (2021)
[2024-05-24T03:36:12.639Z] Successfully navigated to: https://news.ycombinator.com
[2024-05-24T03:36:12.679Z] [1/10] Article retrieved: Daylight Computer – New 60fps e-paper tablet
[2024-05-24T03:36:12.688Z] [2/10] Article retrieved: The Space Quest II Master Disk Blunder
[2024-05-24T03:36:12.694Z] [3/10] Article retrieved: Binarize CLIP for Multimodal Applications
[2024-05-24T03:36:12.700Z] [4/10] Article retrieved: Show HN: Porter Cloud – PaaS with an eject button
[2024-05-24T03:36:12.706Z] [5/10] Article retrieved: Cement recycling method could help solve one of the big climate challenges
[2024-05-24T03:36:12.710Z] [6/10] Article retrieved: Tom Waits vs. Frito-Lay, Inc (2003)
[2024-05-24T03:36:12.715Z] [7/10] Article retrieved: Why did Tom Lehrer swap fame for obscurity?
[2024-05-24T03:36:12.719Z] [8/10] Article retrieved: Forebruary
[2024-05-24T03:36:12.723Z] [9/10] Article retrieved: Launch HN: Metriport (YC S22) – Open-source API for healthcare data exchange
[2024-05-24T03:36:12.729Z] [10/10] Article retrieved: African Americans Have the Highest Rate of Fire Deaths and Injuries (2021)
[2024-05-24T03:36:43.615Z] Successfully navigated to: https://news.ycombinator.com
[2024-05-24T03:36:43.657Z] [1/10] Article retrieved: Daylight Computer – New 60fps e-paper tablet
[2024-05-24T03:36:43.665Z] [2/10] Article retrieved: The Space Quest II Master Disk Blunder
[2024-05-24T03:36:43.671Z] [3/10] Article retrieved: Binarize CLIP for Multimodal Applications
[2024-05-24T03:36:43.677Z] [4/10] Article retrieved: Show HN: Porter Cloud – PaaS with an eject button
[2024-05-24T03:36:43.682Z] [5/10] Article retrieved: Cement recycling method could help solve one of the big climate challenges
[2024-05-24T03:36:43.687Z] [6/10] Article retrieved: Tom Waits vs. Frito-Lay, Inc (2003)
[2024-05-24T03:36:43.692Z] [7/10] Article retrieved: Why did Tom Lehrer swap fame for obscurity?
[2024-05-24T03:36:43.696Z] [8/10] Article retrieved: Forebruary
[2024-05-24T03:36:43.701Z] [9/10] Article retrieved: Launch HN: Metriport (YC S22) – Open-source API for healthcare data exchange
[2024-05-24T03:36:43.706Z] [10/10] Article retrieved: African Americans Have the Highest Rate of Fire Deaths and Injuries (2021)
[2024-05-24T03:39:06.151Z] Successfully navigated to: https://news.ycombinator.com
[2024-05-24T03:39:06.192Z] [1/10] Article retrieved: Daylight Computer – New 60fps e-paper tablet
[2024-05-24T03:39:06.199Z] [2/10] Article retrieved: The Space Quest II Master Disk Blunder
[2024-05-24T03:39:06.206Z] [3/10] Article retrieved: Binarize CLIP for Multimodal Applications
[2024-05-24T03:39:06.212Z] [4/10] Article retrieved: Show HN: Porter Cloud – PaaS with an eject button
[2024-05-24T03:39:06.217Z] [5/10] Article retrieved: Cement recycling method could help solve one of the big climate challenges
[2024-05-24T03:39:06.221Z] [6/10] Article retrieved: Forebruary
[2024-05-24T03:39:06.226Z] [7/10] Article retrieved: Tom Waits vs. Frito-Lay, Inc (2003)
[2024-05-24T03:39:06.231Z] [8/10] Article retrieved: Why did Tom Lehrer swap fame for obscurity?
[2024-05-24T03:39:06.235Z] [9/10] Article retrieved: Launch HN: Metriport (YC S22) – Open-source API for healthcare data exchange
[2024-05-24T03:39:06.241Z] [10/10] Article retrieved: How to destroy your OS with tar
[2024-05-24T03:39:14.836Z] Successfully navigated to: https://news.ycombinator.com
[2024-05-24T03:39:14.879Z] [1/10] Article retrieved: Daylight Computer – New 60fps e-paper tablet
[2024-05-24T03:39:14.887Z] [2/10] Article retrieved: The Space Quest II Master Disk Blunder
[2024-05-24T03:39:14.893Z] [3/10] Article retrieved: Binarize CLIP for Multimodal Applications
[2024-05-24T03:39:14.899Z] [4/10] Article retrieved: Show HN: Porter Cloud – PaaS with an eject button
[2024-05-24T03:39:14.904Z] [5/10] Article retrieved: Cement recycling method could help solve one of the big climate challenges
[2024-05-24T03:39:14.909Z] [6/10] Article retrieved: Forebruary
[2024-05-24T03:39:14.913Z] [7/10] Article retrieved: Tom Waits vs. Frito-Lay, Inc (2003)
[2024-05-24T03:39:14.917Z] [8/10] Article retrieved: Why did Tom Lehrer swap fame for obscurity?
[2024-05-24T03:39:14.922Z] [9/10] Article retrieved: Launch HN: Metriport (YC S22) – Open-source API for healthcare data exchange
[2024-05-24T03:39:14.927Z] [10/10] Article retrieved: How to destroy your OS with tar
